
> chahar-institute@0.1.0 build
> prisma generate && prisma migrate deploy && prisma db seed && next build

npm : warn The configuration property `package.json#prisma` is deprecated and will be removed in 
Prisma 7. Please migrate to a Prisma config file (e.g., `prisma.config.ts`).
At line:1 char:1
+ npm run build 2>&1 | Out-File -FilePath build_output.txt -Encoding ut ...
+ ~~~~~~~~~~~~~~~~~~
    + CategoryInfo          : NotSpecified: (warn The config...ma.config.ts`).:String) [], Remot 
   eException
    + FullyQualifiedErrorId : NativeCommandError
 
For more information, see: https://pris.ly/prisma-config

Environment variables loaded from .env
Prisma schema loaded from prisma\schema.prisma
Error: 
EPERM: operation not permitted, rename 'D:\chahar_institute\chahar-institute\node_modules\.prisma
\client\query_engine-windows.dll.node.tmp31060' -> 
'D:\chahar_institute\chahar-institute\node_modules\.prisma\client\query_engine-windows.dll.node'


